src/fee-management/__tests__/frozenAmountsBugCondition.spec.ts(38,20): error TS2339: Property 'feeChallan' does not exist on type 'PrismaService'.
src/fee-management/__tests__/frozenAmountsBugCondition.spec.ts(41,20): error TS2551: Property 'studentFeeInstallment' does not exist on type 'PrismaService'. Did you mean 'feeInstallment'?
src/fee-management/__tests__/frozenAmountsBugCondition.spec.ts(123,36): error TS2339: Property 'feeChallan' does not exist on type 'PrismaService'.
src/fee-management/__tests__/frozenAmountsBugCondition.spec.ts(155,20): error TS2339: Property 'feeChallan' does not exist on type 'PrismaService'.
src/fee-management/__tests__/frozenAmountsBugCondition.spec.ts(165,43): error TS2339: Property 'feeChallan' does not exist on type 'PrismaService'.
src/fee-management/__tests__/frozenAmountsBugCondition.spec.ts(253,43): error TS2339: Property 'feeChallan' does not exist on type 'PrismaService'.
src/fee-management/__tests__/frozenAmountsBugCondition.spec.ts(273,43): error TS2339: Property 'feeChallan' does not exist on type 'PrismaService'.
src/fee-management/__tests__/frozenAmountsBugCondition.spec.ts(293,20): error TS2339: Property 'feeChallan' does not exist on type 'PrismaService'.
src/fee-management/__tests__/frozenAmountsBugCondition.spec.ts(316,20): error TS2339: Property 'feeChallan' does not exist on type 'PrismaService'.
src/fee-management/__tests__/frozenAmountsBugCondition.spec.ts(327,20): error TS2339: Property 'feeChallan' does not exist on type 'PrismaService'.
src/fee-management/__tests__/frozenAmountsBugCondition.spec.ts(349,42): error TS2339: Property 'challanSettlement' does not exist on type 'PrismaService'.
src/fee-management/__tests__/frozenAmountsBugCondition.spec.ts(376,20): error TS2339: Property 'feeChallan' does not exist on type 'PrismaService'.
src/fee-management/__tests__/frozenAmountsBugCondition.spec.ts(452,42): error TS2339: Property 'feeChallan' does not exist on type 'PrismaService'.
src/fee-management/__tests__/frozenAmountsBugCondition.spec.ts(472,47): error TS2339: Property 'feeChallan' does not exist on type 'PrismaService'.
src/fee-management/__tests__/frozenAmountsBugCondition.spec.ts(492,20): error TS2339: Property 'feeChallan' does not exist on type 'PrismaService'.
src/fee-management/__tests__/frozenAmountsBugCondition.spec.ts(514,20): error TS2339: Property 'feeChallan' does not exist on type 'PrismaService'.
src/fee-management/__tests__/frozenAmountsBugCondition.spec.ts(524,52): error TS2339: Property 'feeChallan' does not exist on type 'PrismaService'.
src/fee-management/__tests__/frozenAmountsBugCondition.spec.ts(547,20): error TS2339: Property 'feeChallan' does not exist on type 'PrismaService'.
src/fee-management/__tests__/frozenAmountsBugCondition.spec.ts(622,41): error TS2551: Property 'studentFeeInstallment' does not exist on type 'PrismaService'. Did you mean 'feeInstallment'?
src/fee-management/__tests__/frozenAmountsBugCondition.spec.ts(637,41): error TS2551: Property 'studentFeeInstallment' does not exist on type 'PrismaService'. Did you mean 'feeInstallment'?
src/fee-management/__tests__/frozenAmountsBugCondition.spec.ts(652,41): error TS2551: Property 'studentFeeInstallment' does not exist on type 'PrismaService'. Did you mean 'feeInstallment'?
src/fee-management/__tests__/frozenAmountsBugCondition.spec.ts(682,40): error TS2551: Property 'createFeeChallan' does not exist on type 'FeeManagementService'. Did you mean 'getFeeChallans'?
src/fee-management/__tests__/frozenAmountsBugCondition.spec.ts(711,20): error TS2339: Property 'feeChallan' does not exist on type 'PrismaService'.
src/fee-management/__tests__/frozenAmountsBugCondition.spec.ts(714,20): error TS2551: Property 'studentFeeInstallment' does not exist on type 'PrismaService'. Did you mean 'feeInstallment'?
src/fee-management/__tests__/frozenAmountsBugCondition.spec.ts(775,41): error TS2551: Property 'studentFeeInstallment' does not exist on type 'PrismaService'. Did you mean 'feeInstallment'?
src/fee-management/__tests__/frozenAmountsBugCondition.spec.ts(790,41): error TS2551: Property 'studentFeeInstallment' does not exist on type 'PrismaService'. Did you mean 'feeInstallment'?
src/fee-management/__tests__/frozenAmountsBugCondition.spec.ts(806,38): error TS2551: Property 'createFeeChallan' does not exist on type 'FeeManagementService'. Did you mean 'getFeeChallans'?
src/fee-management/__tests__/frozenAmountsBugCondition.spec.ts(824,40): error TS2551: Property 'createFeeChallan' does not exist on type 'FeeManagementService'. Did you mean 'getFeeChallans'?
src/fee-management/__tests__/frozenAmountsBugCondition.spec.ts(847,20): error TS2339: Property 'feeChallan' does not exist on type 'PrismaService'.
src/fee-management/__tests__/frozenAmountsBugCondition.spec.ts(850,20): error TS2551: Property 'studentFeeInstallment' does not exist on type 'PrismaService'. Did you mean 'feeInstallment'?
src/fee-management/__tests__/frozenAmountsPreservation.spec.ts(118,44): error TS2339: Property 'feeChallan' does not exist on type 'PrismaService'.
src/fee-management/__tests__/frozenAmountsPreservation.spec.ts(149,48): error TS2339: Property 'feeChallan' does not exist on type 'PrismaService'.
src/fee-management/__tests__/frozenAmountsPreservation.spec.ts(171,31): error TS2551: Property 'updateFeeChallan' does not exist on type 'FeeManagementService'. Did you mean 'deleteFeeChallan'?
src/fee-management/__tests__/frozenAmountsPreservation.spec.ts(175,54): error TS2339: Property 'feeChallan' does not exist on type 'PrismaService'.
src/fee-management/__tests__/frozenAmountsPreservation.spec.ts(185,59): error TS2339: Property 'feeChallan' does not exist on type 'PrismaService'.
src/fee-management/__tests__/frozenAmountsPreservation.spec.ts(194,48): error TS2339: Property 'feeChallan' does not exist on type 'PrismaService'.
src/fee-management/__tests__/frozenAmountsPreservation.spec.ts(205,28): error TS2339: Property 'feeChallan' does not exist on type 'PrismaService'.
src/fee-management/__tests__/frozenAmountsPreservation.spec.ts(208,28): error TS2551: Property 'studentFeeInstallment' does not exist on type 'PrismaService'. Did you mean 'feeInstallment'?
src/fee-management/__tests__/frozenAmountsPreservation.spec.ts(264,46): error TS2339: Property 'feeChallan' does not exist on type 'PrismaService'.
src/fee-management/__tests__/frozenAmountsPreservation.spec.ts(291,34): error TS2345: Argument of type '{ id: any; amount: number; status: string; installmentNumber: number; month: string; }' is not assignable to parameter of type 'never'.
src/fee-management/__tests__/frozenAmountsPreservation.spec.ts(301,47): error TS2339: Property 'feeChallan' does not exist on type 'PrismaService'.
src/fee-management/__tests__/frozenAmountsPreservation.spec.ts(320,64): error TS2339: Property 'amount' does not exist on type 'never'.
src/fee-management/__tests__/frozenAmountsPreservation.spec.ts(335,28): error TS2339: Property 'feeChallan' does not exist on type 'PrismaService'.
src/fee-management/__tests__/frozenAmountsPreservation.spec.ts(338,28): error TS2551: Property 'studentFeeInstallment' does not exist on type 'PrismaService'. Did you mean 'feeInstallment'?
src/fee-management/__tests__/frozenAmountsPreservation.spec.ts(387,48): error TS2551: Property 'studentFeeInstallment' does not exist on type 'PrismaService'. Did you mean 'feeInstallment'?
src/fee-management/__tests__/frozenAmountsPreservation.spec.ts(405,44): error TS2339: Property 'feeChallan' does not exist on type 'PrismaService'.
src/fee-management/__tests__/frozenAmountsPreservation.spec.ts(432,50): error TS2339: Property 'feeChallan' does not exist on type 'PrismaService'.
src/fee-management/__tests__/frozenAmountsPreservation.spec.ts(438,28): error TS2339: Property 'feeChallan' does not exist on type 'PrismaService'.
src/fee-management/__tests__/frozenAmountsPreservation.spec.ts(443,49): error TS2339: Property 'feeChallan' does not exist on type 'PrismaService'.
src/fee-management/__tests__/frozenAmountsPreservation.spec.ts(451,53): error TS2551: Property 'studentFeeInstallment' does not exist on type 'PrismaService'. Did you mean 'feeInstallment'?
src/fee-management/__tests__/frozenAmountsPreservation.spec.ts(459,50): error TS2339: Property 'challanSettlement' does not exist on type 'PrismaService'.
src/fee-management/__tests__/frozenAmountsPreservation.spec.ts(475,28): error TS2339: Property 'feeChallan' does not exist on type 'PrismaService'.
src/fee-management/__tests__/frozenAmountsPreservation.spec.ts(478,28): error TS2551: Property 'studentFeeInstallment' does not exist on type 'PrismaService'. Did you mean 'feeInstallment'?
src/fee-management/__tests__/frozenAmountsPreservation.spec.ts(528,31): error TS2345: Argument of type '{ createdAt: Date; updatedAt: Date; id: number; status: StudentStatus; address: string | null; religion: string | null; photo_url: string | null; photo_public_id: string | null; ... 27 more ...; inquiryId: number | null; }' is not assignable to parameter of type 'never'.
src/fee-management/__tests__/frozenAmountsPreservation.spec.ts(531,50): error TS2551: Property 'studentFeeInstallment' does not exist on type 'PrismaService'. Did you mean 'feeInstallment'?
src/fee-management/__tests__/frozenAmountsPreservation.spec.ts(546,35): error TS2345: Argument of type 'any' is not assignable to parameter of type 'never'.
src/fee-management/__tests__/frozenAmountsPreservation.spec.ts(554,48): error TS2339: Property 'feeChallan' does not exist on type 'PrismaService'.
src/fee-management/__tests__/frozenAmountsPreservation.spec.ts(557,46): error TS2339: Property 'id' does not exist on type 'never'.
src/fee-management/__tests__/frozenAmountsPreservation.spec.ts(576,64): error TS2339: Property 'id' does not exist on type 'never'.
src/fee-management/__tests__/frozenAmountsPreservation.spec.ts(579,36): error TS2345: Argument of type '{ studentId: any; success: boolean; challanId: any; }' is not assignable to parameter of type 'never'.
src/fee-management/__tests__/frozenAmountsPreservation.spec.ts(579,61): error TS2339: Property 'id' does not exist on type 'never'.
src/fee-management/__tests__/frozenAmountsPreservation.spec.ts(581,36): error TS2345: Argument of type '{ studentId: any; success: boolean; error: any; }' is not assignable to parameter of type 'never'.
src/fee-management/__tests__/frozenAmountsPreservation.spec.ts(581,61): error TS2339: Property 'id' does not exist on type 'never'.
src/fee-management/__tests__/frozenAmountsPreservation.spec.ts(590,31): error TS2339: Property 'studentId' does not exist on type 'never'.
src/fee-management/__tests__/frozenAmountsPreservation.spec.ts(591,31): error TS2339: Property 'success' does not exist on type 'never'.
src/fee-management/__tests__/frozenAmountsPreservation.spec.ts(592,28): error TS2339: Property 'success' does not exist on type 'never'.
src/fee-management/__tests__/frozenAmountsPreservation.spec.ts(593,33): error TS2339: Property 'challanId' does not exist on type 'never'.
src/fee-management/__tests__/frozenAmountsPreservation.spec.ts(595,33): error TS2339: Property 'error' does not exist on type 'never'.
src/fee-management/__tests__/frozenAmountsPreservation.spec.ts(600,68): error TS2339: Property 'success' does not exist on type 'never'.
src/fee-management/__tests__/frozenAmountsPreservation.spec.ts(602,46): error TS2339: Property 'feeChallan' does not exist on type 'PrismaService'.
src/fee-management/__tests__/frozenAmountsPreservation.spec.ts(603,39): error TS2339: Property 'challanId' does not exist on type 'never'.
src/fee-management/__tests__/frozenAmountsPreservation.spec.ts(606,55): error TS2339: Property 'studentId' does not exist on type 'never'.
src/fee-management/__tests__/frozenAmountsPreservation.spec.ts(611,62): error TS2339: Property 'success' does not exist on type 'never'.
src/fee-management/__tests__/frozenAmountsPreservation.spec.ts(616,30): error TS2339: Property 'feeChallan' does not exist on type 'PrismaService'.
src/fee-management/__tests__/frozenAmountsPreservation.spec.ts(617,47): error TS2339: Property 'id' does not exist on type 'never'.
src/fee-management/__tests__/frozenAmountsPreservation.spec.ts(619,30): error TS2551: Property 'studentFeeInstallment' does not exist on type 'PrismaService'. Did you mean 'feeInstallment'?
src/fee-management/__tests__/frozenAmountsPreservation.spec.ts(620,47): error TS2339: Property 'id' does not exist on type 'never'.
src/fee-management/__tests__/frozenAmountsPreservation.spec.ts(623,40): error TS2339: Property 'id' does not exist on type 'never'.
src/fee-management/__tests__/lockValidation.spec.ts(39,20): error TS2339: Property 'feeChallan' does not exist on type 'PrismaService'.
src/fee-management/__tests__/lockValidation.spec.ts(112,40): error TS2339: Property 'feeChallan' does not exist on type 'PrismaService'.
src/fee-management/__tests__/lockValidation.spec.ts(134,15): error TS2551: Property 'updateFeeChallan' does not exist on type 'FeeManagementService'. Did you mean 'deleteFeeChallan'?
src/fee-management/__tests__/lockValidation.spec.ts(145,40): error TS2339: Property 'feeChallan' does not exist on type 'PrismaService'.
src/fee-management/__tests__/lockValidation.spec.ts(168,15): error TS2551: Property 'updateFeeChallan' does not exist on type 'FeeManagementService'. Did you mean 'deleteFeeChallan'?
src/fee-management/__tests__/lockValidation.spec.ts(179,40): error TS2339: Property 'feeChallan' does not exist on type 'PrismaService'.
src/fee-management/__tests__/lockValidation.spec.ts(202,15): error TS2551: Property 'updateFeeChallan' does not exist on type 'FeeManagementService'. Did you mean 'deleteFeeChallan'?
src/fee-management/__tests__/lockValidation.spec.ts(215,40): error TS2339: Property 'feeChallan' does not exist on type 'PrismaService'.
src/fee-management/__tests__/lockValidation.spec.ts(236,35): error TS2551: Property 'updateFeeChallan' does not exist on type 'FeeManagementService'. Did you mean 'deleteFeeChallan'?
src/fee-management/__tests__/lockValidation.spec.ts(251,43): error TS2339: Property 'feeChallan' does not exist on type 'PrismaService'.
src/fee-management/__tests__/lockValidation.spec.ts(271,35): error TS2551: Property 'updateFeeChallan' does not exist on type 'FeeManagementService'. Did you mean 'deleteFeeChallan'?
src/fee-management/__tests__/lockValidation.spec.ts(286,40): error TS2339: Property 'feeChallan' does not exist on type 'PrismaService'.
src/fee-management/__tests__/lockValidation.spec.ts(309,15): error TS2551: Property 'updateFeeChallan' does not exist on type 'FeeManagementService'. Did you mean 'deleteFeeChallan'?
src/fee-management/__tests__/settlementTrackingBugCondition.spec.ts(38,20): error TS2339: Property 'feeChallan' does not exist on type 'PrismaService'.
src/fee-management/__tests__/settlementTrackingBugCondition.spec.ts(41,20): error TS2551: Property 'studentFeeInstallment' does not exist on type 'PrismaService'. Did you mean 'feeInstallment'?
src/fee-management/__tests__/settlementTrackingBugCondition.spec.ts(123,39): error TS2339: Property 'feeChallan' does not exist on type 'PrismaService'.
src/fee-management/__tests__/settlementTrackingBugCondition.spec.ts(143,39): error TS2339: Property 'feeChallan' does not exist on type 'PrismaService'.
src/fee-management/__tests__/settlementTrackingBugCondition.spec.ts(164,20): error TS2339: Property 'feeChallan' does not exist on type 'PrismaService'.
src/fee-management/__tests__/settlementTrackingBugCondition.spec.ts(172,20): error TS2339: Property 'feeChallan' does not exist on type 'PrismaService'.
src/fee-management/__tests__/settlementTrackingBugCondition.spec.ts(198,44): error TS2339: Property 'feeChallan' does not exist on type 'PrismaService'.
src/fee-management/__tests__/settlementTrackingBugCondition.spec.ts(298,39): error TS2339: Property 'feeChallan' does not exist on type 'PrismaService'.
src/fee-management/__tests__/settlementTrackingBugCondition.spec.ts(318,39): error TS2339: Property 'feeChallan' does not exist on type 'PrismaService'.
src/fee-management/__tests__/settlementTrackingBugCondition.spec.ts(339,20): error TS2339: Property 'feeChallan' does not exist on type 'PrismaService'.
src/fee-management/__tests__/settlementTrackingBugCondition.spec.ts(355,44): error TS2339: Property 'feeChallan' does not exist on type 'PrismaService'.
src/fee-management/__tests__/settlementTrackingBugCondition.spec.ts(372,20): error TS2339: Property 'feeChallan' does not exist on type 'PrismaService'.
src/fee-management/__tests__/settlementTrackingBugCondition.spec.ts(448,39): error TS2339: Property 'feeChallan' does not exist on type 'PrismaService'.
src/fee-management/__tests__/settlementTrackingBugCondition.spec.ts(468,39): error TS2339: Property 'feeChallan' does not exist on type 'PrismaService'.
src/fee-management/__tests__/settlementTrackingBugCondition.spec.ts(488,39): error TS2339: Property 'feeChallan' does not exist on type 'PrismaService'.
src/fee-management/__tests__/settlementTrackingBugCondition.spec.ts(509,20): error TS2339: Property 'feeChallan' does not exist on type 'PrismaService'.
src/fee-management/__tests__/settlementTrackingBugCondition.spec.ts(517,20): error TS2339: Property 'feeChallan' does not exist on type 'PrismaService'.
src/fee-management/__tests__/settlementTrackingBugCondition.spec.ts(525,20): error TS2339: Property 'feeChallan' does not exist on type 'PrismaService'.
src/fee-management/__tests__/settlementTrackingBugCondition.spec.ts(534,20): error TS2339: Property 'feeChallan' does not exist on type 'PrismaService'.
src/fee-management/__tests__/settlementTrackingBugCondition.spec.ts(550,44): error TS2339: Property 'feeChallan' does not exist on type 'PrismaService'.
src/fee-management/__tests__/settlementTrackingBugCondition.spec.ts(554,44): error TS2339: Property 'feeChallan' does not exist on type 'PrismaService'.
src/fee-management/__tests__/settlementTrackingBugCondition.spec.ts(558,44): error TS2339: Property 'feeChallan' does not exist on type 'PrismaService'.
src/fee-management/__tests__/settlementTrackingBugCondition.spec.ts(611,20): error TS2339: Property 'feeChallan' does not exist on type 'PrismaService'.
src/fee-management/__tests__/settlementTrackingBugCondition.spec.ts(688,39): error TS2339: Property 'feeChallan' does not exist on type 'PrismaService'.
src/fee-management/__tests__/settlementTrackingBugCondition.spec.ts(708,39): error TS2339: Property 'feeChallan' does not exist on type 'PrismaService'.
src/fee-management/__tests__/settlementTrackingBugCondition.spec.ts(728,39): error TS2339: Property 'feeChallan' does not exist on type 'PrismaService'.
src/fee-management/__tests__/settlementTrackingBugCondition.spec.ts(749,20): error TS2339: Property 'feeChallan' does not exist on type 'PrismaService'.
src/fee-management/__tests__/settlementTrackingBugCondition.spec.ts(756,20): error TS2339: Property 'feeChallan' does not exist on type 'PrismaService'.
src/fee-management/__tests__/settlementTrackingBugCondition.spec.ts(764,20): error TS2339: Property 'feeChallan' does not exist on type 'PrismaService'.
src/fee-management/__tests__/settlementTrackingBugCondition.spec.ts(780,44): error TS2339: Property 'feeChallan' does not exist on type 'PrismaService'.
src/fee-management/__tests__/settlementTrackingBugCondition.spec.ts(784,44): error TS2339: Property 'feeChallan' does not exist on type 'PrismaService'.
src/fee-management/__tests__/settlementTrackingBugCondition.spec.ts(788,44): error TS2339: Property 'feeChallan' does not exist on type 'PrismaService'.
src/fee-management/__tests__/settlementTrackingBugCondition.spec.ts(848,20): error TS2339: Property 'feeChallan' does not exist on type 'PrismaService'.
src/fee-management/__tests__/settlementTrackingPreservation.spec.ts(123,44): error TS2339: Property 'feeChallan' does not exist on type 'PrismaService'.
src/fee-management/__tests__/settlementTrackingPreservation.spec.ts(146,29): error TS2551: Property 'updateFeeChallan' does not exist on type 'FeeManagementService'. Did you mean 'deleteFeeChallan'?
src/fee-management/__tests__/settlementTrackingPreservation.spec.ts(151,51): error TS2339: Property 'feeChallan' does not exist on type 'PrismaService'.
src/fee-management/__tests__/settlementTrackingPreservation.spec.ts(164,28): error TS2339: Property 'feeChallan' does not exist on type 'PrismaService'.
src/fee-management/__tests__/settlementTrackingPreservation.spec.ts(167,28): error TS2551: Property 'studentFeeInstallment' does not exist on type 'PrismaService'. Did you mean 'feeInstallment'?
src/fee-management/__tests__/settlementTrackingPreservation.spec.ts(215,28): error TS2551: Property 'studentFeeInstallment' does not exist on type 'PrismaService'. Did you mean 'feeInstallment'?
src/fee-management/__tests__/settlementTrackingPreservation.spec.ts(232,28): error TS2551: Property 'studentFeeInstallment' does not exist on type 'PrismaService'. Did you mean 'feeInstallment'?
src/fee-management/__tests__/settlementTrackingPreservation.spec.ts(250,44): error TS2339: Property 'feeChallan' does not exist on type 'PrismaService'.
src/fee-management/__tests__/settlementTrackingPreservation.spec.ts(270,57): error TS2339: Property 'feeChallan' does not exist on type 'PrismaService'.
src/fee-management/__tests__/settlementTrackingPreservation.spec.ts(279,29): error TS2551: Property 'updateFeeChallan' does not exist on type 'FeeManagementService'. Did you mean 'deleteFeeChallan'?
src/fee-management/__tests__/settlementTrackingPreservation.spec.ts(286,48): error TS2339: Property 'feeChallan' does not exist on type 'PrismaService'.
src/fee-management/__tests__/settlementTrackingPreservation.spec.ts(301,28): error TS2339: Property 'feeChallan' does not exist on type 'PrismaService'.
src/fee-management/__tests__/settlementTrackingPreservation.spec.ts(304,28): error TS2551: Property 'studentFeeInstallment' does not exist on type 'PrismaService'. Did you mean 'feeInstallment'?
src/fee-management/__tests__/settlementTrackingPreservation.spec.ts(358,46): error TS2339: Property 'feeChallan' does not exist on type 'PrismaService'.
src/fee-management/__tests__/settlementTrackingPreservation.spec.ts(383,48): error TS2339: Property 'feeChallan' does not exist on type 'PrismaService'.
src/fee-management/__tests__/settlementTrackingPreservation.spec.ts(404,28): error TS2339: Property 'feeChallan' does not exist on type 'PrismaService'.
src/fee-management/__tests__/settlementTrackingPreservation.spec.ts(407,28): error TS2551: Property 'studentFeeInstallment' does not exist on type 'PrismaService'. Did you mean 'feeInstallment'?
src/fee-management/__tests__/settlementTrackingPreservation.spec.ts(457,49): error TS2339: Property 'feeChallan' does not exist on type 'PrismaService'.
src/fee-management/__tests__/settlementTrackingPreservation.spec.ts(478,50): error TS2339: Property 'feeChallan' does not exist on type 'PrismaService'.
src/fee-management/__tests__/settlementTrackingPreservation.spec.ts(499,28): error TS2339: Property 'feeChallan' does not exist on type 'PrismaService'.
src/fee-management/__tests__/settlementTrackingPreservation.spec.ts(509,63): error TS2339: Property 'feeChallan' does not exist on type 'PrismaService'.
src/fee-management/__tests__/settlementTrackingPreservation.spec.ts(525,54): error TS2339: Property 'feeChallan' does not exist on type 'PrismaService'.
src/fee-management/__tests__/settlementTrackingPreservation.spec.ts(532,28): error TS2339: Property 'feeChallan' does not exist on type 'PrismaService'.
src/fee-management/__tests__/settlementTrackingPreservation.spec.ts(535,28): error TS2551: Property 'studentFeeInstallment' does not exist on type 'PrismaService'. Did you mean 'feeInstallment'?
src/fee-management/__tests__/void-challan-bugfix.spec.ts(38,20): error TS2339: Property 'feeChallan' does not exist on type 'PrismaService'.
src/fee-management/__tests__/void-challan-bugfix.spec.ts(41,20): error TS2551: Property 'studentFeeInstallment' does not exist on type 'PrismaService'. Did you mean 'feeInstallment'?
src/fee-management/__tests__/void-challan-bugfix.spec.ts(122,45): error TS2339: Property 'feeChallan' does not exist on type 'PrismaService'.
src/fee-management/__tests__/void-challan-bugfix.spec.ts(141,44): error TS2339: Property 'feeChallan' does not exist on type 'PrismaService'.
src/fee-management/__tests__/void-challan-bugfix.spec.ts(162,20): error TS2339: Property 'feeChallan' does not exist on type 'PrismaService'.
src/fee-management/__tests__/void-challan-bugfix.spec.ts(170,20): error TS2339: Property 'feeChallan' does not exist on type 'PrismaService'.
src/fee-management/__tests__/void-challan-bugfix.spec.ts(180,44): error TS2551: Property 'studentFeeInstallment' does not exist on type 'PrismaService'. Did you mean 'feeInstallment'?
src/fee-management/__tests__/void-challan-bugfix.spec.ts(196,20): error TS2339: Property 'feeChallan' does not exist on type 'PrismaService'.
src/fee-management/__tests__/void-challan-bugfix.spec.ts(204,43): error TS2551: Property 'studentFeeInstallment' does not exist on type 'PrismaService'. Did you mean 'feeInstallment'?
src/fee-management/__tests__/void-challan-bugfix.spec.ts(220,20): error TS2339: Property 'feeChallan' does not exist on type 'PrismaService'.
src/fee-management/__tests__/void-challan-bugfix.spec.ts(228,20): error TS2551: Property 'studentFeeInstallment' does not exist on type 'PrismaService'. Did you mean 'feeInstallment'?
src/fee-management/__tests__/void-challan-bugfix.spec.ts(248,36): error TS2339: Property 'generateChallansFromPlan' does not exist on type 'FeeManagementService'.
src/fee-management/__tests__/void-challan-bugfix.spec.ts(274,44): error TS2339: Property 'feeChallan' does not exist on type 'PrismaService'.
src/fee-management/__tests__/void-challan-bugfix.spec.ts(345,42): error TS2339: Property 'feeChallan' does not exist on type 'PrismaService'.
src/fee-management/__tests__/void-challan-bugfix.spec.ts(364,45): error TS2339: Property 'feeChallan' does not exist on type 'PrismaService'.
src/fee-management/__tests__/void-challan-bugfix.spec.ts(383,43): error TS2339: Property 'feeChallan' does not exist on type 'PrismaService'.
src/fee-management/__tests__/void-challan-bugfix.spec.ts(404,20): error TS2339: Property 'feeChallan' does not exist on type 'PrismaService'.
src/fee-management/__tests__/void-challan-bugfix.spec.ts(412,20): error TS2339: Property 'feeChallan' does not exist on type 'PrismaService'.
src/fee-management/__tests__/void-challan-bugfix.spec.ts(420,20): error TS2339: Property 'feeChallan' does not exist on type 'PrismaService'.
src/fee-management/__tests__/void-challan-bugfix.spec.ts(429,20): error TS2339: Property 'feeChallan' does not exist on type 'PrismaService'.
src/fee-management/__tests__/void-challan-bugfix.spec.ts(441,43): error TS2551: Property 'studentFeeInstallment' does not exist on type 'PrismaService'. Did you mean 'feeInstallment'?
src/fee-management/__tests__/void-challan-bugfix.spec.ts(457,20): error TS2339: Property 'feeChallan' does not exist on type 'PrismaService'.
src/fee-management/__tests__/void-challan-bugfix.spec.ts(464,44): error TS2551: Property 'studentFeeInstallment' does not exist on type 'PrismaService'. Did you mean 'feeInstallment'?
src/fee-management/__tests__/void-challan-bugfix.spec.ts(480,20): error TS2339: Property 'feeChallan' does not exist on type 'PrismaService'.
src/fee-management/__tests__/void-challan-bugfix.spec.ts(486,43): error TS2551: Property 'studentFeeInstallment' does not exist on type 'PrismaService'. Did you mean 'feeInstallment'?
src/fee-management/__tests__/void-challan-bugfix.spec.ts(501,20): error TS2339: Property 'feeChallan' does not exist on type 'PrismaService'.
src/fee-management/__tests__/void-challan-bugfix.spec.ts(507,20): error TS2551: Property 'studentFeeInstallment' does not exist on type 'PrismaService'. Did you mean 'feeInstallment'?
src/fee-management/__tests__/void-challan-bugfix.spec.ts(527,36): error TS2339: Property 'generateChallansFromPlan' does not exist on type 'FeeManagementService'.
src/fee-management/__tests__/void-challan-bugfix.spec.ts(551,44): error TS2339: Property 'feeChallan' does not exist on type 'PrismaService'.
src/fee-management/__tests__/void-challan-bugfix.spec.ts(563,20): error TS2339: Property 'feeChallan' does not exist on type 'PrismaService'.
src/fee-management/__tests__/void-challan-bugfix.spec.ts(566,20): error TS2551: Property 'studentFeeInstallment' does not exist on type 'PrismaService'. Did you mean 'feeInstallment'?
src/fee-management/__tests__/void-challan-bugfix.spec.ts(645,45): error TS2339: Property 'feeChallan' does not exist on type 'PrismaService'.
src/fee-management/__tests__/void-challan-bugfix.spec.ts(665,44): error TS2551: Property 'studentFeeInstallment' does not exist on type 'PrismaService'. Did you mean 'feeInstallment'?
src/fee-management/__tests__/void-challan-bugfix.spec.ts(681,20): error TS2339: Property 'feeChallan' does not exist on type 'PrismaService'.
src/fee-management/__tests__/void-challan-bugfix.spec.ts(687,20): error TS2551: Property 'studentFeeInstallment' does not exist on type 'PrismaService'. Did you mean 'feeInstallment'?
src/fee-management/__tests__/void-challan-bugfix.spec.ts(705,44): error TS2339: Property 'generateChallansFromPlan' does not exist on type 'FeeManagementService'.
src/fee-management/__tests__/void-challan-bugfix.spec.ts(714,44): error TS2339: Property 'feeChallan' does not exist on type 'PrismaService'.
src/fee-management/__tests__/void-challan-bugfix.spec.ts(726,44): error TS2339: Property 'feeChallan' does not exist on type 'PrismaService'.
src/fee-management/__tests__/void-challan-bugfix.spec.ts(745,21): error TS2551: Property 'updateFeeChallan' does not exist on type 'FeeManagementService'. Did you mean 'deleteFeeChallan'?
src/fee-management/__tests__/void-challan-bugfix.spec.ts(752,50): error TS2339: Property 'feeChallan' does not exist on type 'PrismaService'.
src/fee-management/__tests__/void-challan-bugfix.spec.ts(769,20): error TS2339: Property 'feeChallan' does not exist on type 'PrismaService'.
src/fee-management/__tests__/void-challan-bugfix.spec.ts(772,20): error TS2551: Property 'studentFeeInstallment' does not exist on type 'PrismaService'. Did you mean 'feeInstallment'?
src/fee-management/__tests__/void-challan-bugfix.spec.ts(851,43): error TS2339: Property 'feeChallan' does not exist on type 'PrismaService'.
src/fee-management/__tests__/void-challan-bugfix.spec.ts(871,43): error TS2551: Property 'studentFeeInstallment' does not exist on type 'PrismaService'. Did you mean 'feeInstallment'?
src/fee-management/__tests__/void-challan-bugfix.spec.ts(887,20): error TS2339: Property 'feeChallan' does not exist on type 'PrismaService'.
src/fee-management/__tests__/void-challan-bugfix.spec.ts(893,20): error TS2551: Property 'studentFeeInstallment' does not exist on type 'PrismaService'. Did you mean 'feeInstallment'?
src/fee-management/__tests__/void-challan-bugfix.spec.ts(911,44): error TS2339: Property 'generateChallansFromPlan' does not exist on type 'FeeManagementService'.
src/fee-management/__tests__/void-challan-bugfix.spec.ts(920,44): error TS2339: Property 'feeChallan' does not exist on type 'PrismaService'.
src/fee-management/__tests__/void-challan-bugfix.spec.ts(947,42): error TS2339: Property 'feeChallan' does not exist on type 'PrismaService'.
src/fee-management/__tests__/void-challan-bugfix.spec.ts(986,20): error TS2339: Property 'feeChallan' does not exist on type 'PrismaService'.
src/fee-management/__tests__/void-challan-bugfix.spec.ts(989,20): error TS2551: Property 'studentFeeInstallment' does not exist on type 'PrismaService'. Did you mean 'feeInstallment'?
src/fee-management/__tests__/void-challan-bugfix.spec.ts(1068,43): error TS2339: Property 'feeChallan' does not exist on type 'PrismaService'.
src/fee-management/__tests__/void-challan-bugfix.spec.ts(1088,43): error TS2551: Property 'studentFeeInstallment' does not exist on type 'PrismaService'. Did you mean 'feeInstallment'?
src/fee-management/__tests__/void-challan-bugfix.spec.ts(1104,20): error TS2339: Property 'feeChallan' does not exist on type 'PrismaService'.
src/fee-management/__tests__/void-challan-bugfix.spec.ts(1110,44): error TS2339: Property 'feeChallan' does not exist on type 'PrismaService'.
src/fee-management/__tests__/void-challan-bugfix.spec.ts(1131,43): error TS2551: Property 'studentFeeInstallment' does not exist on type 'PrismaService'. Did you mean 'feeInstallment'?
src/fee-management/__tests__/void-challan-bugfix.spec.ts(1147,20): error TS2339: Property 'feeChallan' does not exist on type 'PrismaService'.
src/fee-management/__tests__/void-challan-bugfix.spec.ts(1153,20): error TS2339: Property 'feeChallan' does not exist on type 'PrismaService'.
src/fee-management/__tests__/void-challan-bugfix.spec.ts(1162,20): error TS2339: Property 'feeChallan' does not exist on type 'PrismaService'.
src/fee-management/__tests__/void-challan-bugfix.spec.ts(1172,42): error TS2339: Property 'feeChallan' does not exist on type 'PrismaService'.
src/fee-management/__tests__/void-challan-bugfix.spec.ts(1188,21): error TS2551: Property 'updateFeeChallan' does not exist on type 'FeeManagementService'. Did you mean 'deleteFeeChallan'?
src/fee-management/__tests__/void-challan-bugfix.spec.ts(1195,48): error TS2339: Property 'feeChallan' does not exist on type 'PrismaService'.
src/fee-management/__tests__/void-challan-bugfix.spec.ts(1212,20): error TS2339: Property 'feeChallan' does not exist on type 'PrismaService'.
src/fee-management/__tests__/void-challan-bugfix.spec.ts(1215,20): error TS2551: Property 'studentFeeInstallment' does not exist on type 'PrismaService'. Did you mean 'feeInstallment'?
src/fee-management/__tests__/void-challan-bugfix.spec.ts(1293,45): error TS2339: Property 'feeChallan' does not exist on type 'PrismaService'.
src/fee-management/__tests__/void-challan-bugfix.spec.ts(1313,43): error TS2339: Property 'feeChallan' does not exist on type 'PrismaService'.
src/fee-management/__tests__/void-challan-bugfix.spec.ts(1333,44): error TS2339: Property 'feeChallan' does not exist on type 'PrismaService'.
src/fee-management/__tests__/void-challan-bugfix.spec.ts(1353,44): error TS2339: Property 'feeChallan' does not exist on type 'PrismaService'.
src/fee-management/__tests__/void-challan-bugfix.spec.ts(1374,44): error TS2551: Property 'studentFeeInstallment' does not exist on type 'PrismaService'. Did you mean 'feeInstallment'?
src/fee-management/__tests__/void-challan-bugfix.spec.ts(1390,43): error TS2551: Property 'studentFeeInstallment' does not exist on type 'PrismaService'. Did you mean 'feeInstallment'?
src/fee-management/__tests__/void-challan-bugfix.spec.ts(1406,43): error TS2551: Property 'studentFeeInstallment' does not exist on type 'PrismaService'. Did you mean 'feeInstallment'?
src/fee-management/__tests__/void-challan-bugfix.spec.ts(1422,43): error TS2551: Property 'studentFeeInstallment' does not exist on type 'PrismaService'. Did you mean 'feeInstallment'?
src/fee-management/__tests__/void-challan-bugfix.spec.ts(1439,20): error TS2339: Property 'feeChallan' does not exist on type 'PrismaService'.
src/fee-management/__tests__/void-challan-bugfix.spec.ts(1444,20): error TS2339: Property 'feeChallan' does not exist on type 'PrismaService'.
src/fee-management/__tests__/void-challan-bugfix.spec.ts(1449,20): error TS2339: Property 'feeChallan' does not exist on type 'PrismaService'.
src/fee-management/__tests__/void-challan-bugfix.spec.ts(1454,20): error TS2339: Property 'feeChallan' does not exist on type 'PrismaService'.
src/fee-management/__tests__/void-challan-bugfix.spec.ts(1460,20): error TS2339: Property 'feeChallan' does not exist on type 'PrismaService'.
src/fee-management/__tests__/void-challan-bugfix.spec.ts(1468,20): error TS2339: Property 'feeChallan' does not exist on type 'PrismaService'.
src/fee-management/__tests__/void-challan-bugfix.spec.ts(1476,20): error TS2339: Property 'feeChallan' does not exist on type 'PrismaService'.
src/fee-management/__tests__/void-challan-bugfix.spec.ts(1485,20): error TS2339: Property 'feeChallan' does not exist on type 'PrismaService'.
src/fee-management/__tests__/void-challan-bugfix.spec.ts(1499,44): error TS2339: Property 'feeChallan' does not exist on type 'PrismaService'.
src/fee-management/__tests__/void-challan-bugfix.spec.ts(1503,42): error TS2339: Property 'feeChallan' does not exist on type 'PrismaService'.
src/fee-management/__tests__/void-challan-bugfix.spec.ts(1507,43): error TS2339: Property 'feeChallan' does not exist on type 'PrismaService'.
src/fee-management/__tests__/void-challan-bugfix.spec.ts(1538,21): error TS2551: Property 'updateFeeChallan' does not exist on type 'FeeManagementService'. Did you mean 'deleteFeeChallan'?
src/fee-management/__tests__/void-challan-bugfix.spec.ts(1545,50): error TS2339: Property 'feeChallan' does not exist on type 'PrismaService'.
src/fee-management/__tests__/void-challan-bugfix.spec.ts(1549,48): error TS2339: Property 'feeChallan' does not exist on type 'PrismaService'.
src/fee-management/__tests__/void-challan-bugfix.spec.ts(1553,49): error TS2339: Property 'feeChallan' does not exist on type 'PrismaService'.
src/fee-management/__tests__/void-challan-bugfix.spec.ts(1597,20): error TS2339: Property 'feeChallan' does not exist on type 'PrismaService'.
src/fee-management/__tests__/void-challan-bugfix.spec.ts(1600,20): error TS2551: Property 'studentFeeInstallment' does not exist on type 'PrismaService'. Did you mean 'feeInstallment'?
src/fee-management/__tests__/void-challan-integration.spec.ts(69,18): error TS2339: Property 'feeChallan' does not exist on type 'PrismaService'.
src/fee-management/__tests__/void-challan-integration.spec.ts(72,18): error TS2551: Property 'studentFeeInstallment' does not exist on type 'PrismaService'. Did you mean 'feeInstallment'?
src/fee-management/__tests__/void-challan-integration.spec.ts(103,42): error TS2339: Property 'feeChallan' does not exist on type 'PrismaService'.
src/fee-management/__tests__/void-challan-integration.spec.ts(122,39): error TS2551: Property 'studentFeeInstallment' does not exist on type 'PrismaService'. Did you mean 'feeInstallment'?
src/fee-management/__tests__/void-challan-integration.spec.ts(137,22): error TS2339: Property 'feeChallan' does not exist on type 'PrismaService'.
src/fee-management/__tests__/void-challan-integration.spec.ts(143,22): error TS2551: Property 'studentFeeInstallment' does not exist on type 'PrismaService'. Did you mean 'feeInstallment'?
src/fee-management/__tests__/void-challan-integration.spec.ts(160,44): error TS2339: Property 'generateChallansFromPlan' does not exist on type 'FeeManagementService'.
src/fee-management/__tests__/void-challan-integration.spec.ts(169,41): error TS2339: Property 'feeChallan' does not exist on type 'PrismaService'.
src/fee-management/__tests__/void-challan-integration.spec.ts(176,41): error TS2339: Property 'feeChallan' does not exist on type 'PrismaService'.
src/fee-management/__tests__/void-challan-integration.spec.ts(193,22): error TS2339: Property 'feeChallan' does not exist on type 'PrismaService'.
src/fee-management/__tests__/void-challan-integration.spec.ts(198,22): error TS2551: Property 'studentFeeInstallment' does not exist on type 'PrismaService'. Did you mean 'feeInstallment'?
src/fee-management/__tests__/void-challan-integration.spec.ts(204,38): error TS2339: Property 'feeChallan' does not exist on type 'PrismaService'.
src/fee-management/__tests__/void-challan-integration.spec.ts(208,43): error TS2339: Property 'feeChallan' does not exist on type 'PrismaService'.
src/fee-management/__tests__/void-challan-integration.spec.ts(213,22): error TS2551: Property 'studentFeeInstallment' does not exist on type 'PrismaService'. Did you mean 'feeInstallment'?
src/fee-management/__tests__/void-challan-integration.spec.ts(230,44): error TS2339: Property 'generateChallansFromPlan' does not exist on type 'FeeManagementService'.
src/fee-management/__tests__/void-challan-integration.spec.ts(239,41): error TS2339: Property 'feeChallan' does not exist on type 'PrismaService'.
src/fee-management/__tests__/void-challan-integration.spec.ts(271,41): error TS2339: Property 'feeChallan' does not exist on type 'PrismaService'.
src/fee-management/__tests__/void-challan-integration.spec.ts(290,38): error TS2551: Property 'studentFeeInstallment' does not exist on type 'PrismaService'. Did you mean 'feeInstallment'?
src/fee-management/__tests__/void-challan-integration.spec.ts(305,22): error TS2339: Property 'feeChallan' does not exist on type 'PrismaService'.
src/fee-management/__tests__/void-challan-integration.spec.ts(311,22): error TS2551: Property 'studentFeeInstallment' does not exist on type 'PrismaService'. Did you mean 'feeInstallment'?
src/fee-management/__tests__/void-challan-integration.spec.ts(328,45): error TS2339: Property 'generateChallansFromPlan' does not exist on type 'FeeManagementService'.
src/fee-management/__tests__/void-challan-integration.spec.ts(336,42): error TS2339: Property 'feeChallan' does not exist on type 'PrismaService'.
src/fee-management/__tests__/void-challan-integration.spec.ts(342,40): error TS2339: Property 'feeChallan' does not exist on type 'PrismaService'.
src/fee-management/__tests__/void-challan-integration.spec.ts(347,22): error TS2551: Property 'studentFeeInstallment' does not exist on type 'PrismaService'. Did you mean 'feeInstallment'?
src/fee-management/__tests__/void-challan-integration.spec.ts(374,22): error TS2551: Property 'studentFeeInstallment' does not exist on type 'PrismaService'. Did you mean 'feeInstallment'?
src/fee-management/__tests__/void-challan-integration.spec.ts(379,44): error TS2339: Property 'generateChallansFromPlan' does not exist on type 'FeeManagementService'.
src/fee-management/__tests__/void-challan-integration.spec.ts(387,41): error TS2339: Property 'feeChallan' does not exist on type 'PrismaService'.
src/fee-management/__tests__/void-challan-integration.spec.ts(394,41): error TS2339: Property 'feeChallan' does not exist on type 'PrismaService'.
src/fee-management/__tests__/void-challan-integration.spec.ts(397,42): error TS2339: Property 'feeChallan' does not exist on type 'PrismaService'.
src/fee-management/__tests__/void-challan-integration.spec.ts(411,22): error TS2339: Property 'feeChallan' does not exist on type 'PrismaService'.
src/fee-management/__tests__/void-challan-integration.spec.ts(416,22): error TS2551: Property 'studentFeeInstallment' does not exist on type 'PrismaService'. Did you mean 'feeInstallment'?
src/fee-management/__tests__/void-challan-integration.spec.ts(422,38): error TS2339: Property 'feeChallan' does not exist on type 'PrismaService'.
src/fee-management/__tests__/void-challan-integration.spec.ts(426,42): error TS2339: Property 'feeChallan' does not exist on type 'PrismaService'.
src/fee-management/__tests__/void-challan-integration.spec.ts(431,22): error TS2551: Property 'studentFeeInstallment' does not exist on type 'PrismaService'. Did you mean 'feeInstallment'?
src/fee-management/__tests__/void-challan-integration.spec.ts(450,44): error TS2339: Property 'generateChallansFromPlan' does not exist on type 'FeeManagementService'.
src/fee-management/__tests__/void-challan-integration.spec.ts(459,41): error TS2339: Property 'feeChallan' does not exist on type 'PrismaService'.
src/fee-management/__tests__/void-challan-integration.spec.ts(493,41): error TS2339: Property 'feeChallan' does not exist on type 'PrismaService'.
src/fee-management/__tests__/void-challan-integration.spec.ts(513,41): error TS2339: Property 'feeChallan' does not exist on type 'PrismaService'.
src/fee-management/__tests__/void-challan-integration.spec.ts(533,41): error TS2339: Property 'feeChallan' does not exist on type 'PrismaService'.
src/fee-management/__tests__/void-challan-integration.spec.ts(553,41): error TS2339: Property 'feeChallan' does not exist on type 'PrismaService'.
src/fee-management/__tests__/void-challan-integration.spec.ts(574,38): error TS2551: Property 'studentFeeInstallment' does not exist on type 'PrismaService'. Did you mean 'feeInstallment'?
src/fee-management/__tests__/void-challan-integration.spec.ts(581,38): error TS2551: Property 'studentFeeInstallment' does not exist on type 'PrismaService'. Did you mean 'feeInstallment'?
src/fee-management/__tests__/void-challan-integration.spec.ts(588,38): error TS2551: Property 'studentFeeInstallment' does not exist on type 'PrismaService'. Did you mean 'feeInstallment'?
src/fee-management/__tests__/void-challan-integration.spec.ts(595,38): error TS2551: Property 'studentFeeInstallment' does not exist on type 'PrismaService'. Did you mean 'feeInstallment'?
src/fee-management/__tests__/void-challan-integration.spec.ts(604,22): error TS2339: Property 'feeChallan' does not exist on type 'PrismaService'.
src/fee-management/__tests__/void-challan-integration.spec.ts(605,22): error TS2339: Property 'feeChallan' does not exist on type 'PrismaService'.
src/fee-management/__tests__/void-challan-integration.spec.ts(606,22): error TS2339: Property 'feeChallan' does not exist on type 'PrismaService'.
src/fee-management/__tests__/void-challan-integration.spec.ts(607,22): error TS2339: Property 'feeChallan' does not exist on type 'PrismaService'.
src/fee-management/__tests__/void-challan-integration.spec.ts(610,22): error TS2339: Property 'feeChallan' does not exist on type 'PrismaService'.
src/fee-management/__tests__/void-challan-integration.spec.ts(614,22): error TS2339: Property 'feeChallan' does not exist on type 'PrismaService'.
src/fee-management/__tests__/void-challan-integration.spec.ts(618,22): error TS2339: Property 'feeChallan' does not exist on type 'PrismaService'.
src/fee-management/__tests__/void-challan-integration.spec.ts(624,22): error TS2339: Property 'feeChallan' does not exist on type 'PrismaService'.
src/fee-management/__tests__/void-challan-integration.spec.ts(638,38): error TS2339: Property 'feeChallan' does not exist on type 'PrismaService'.
src/fee-management/__tests__/void-challan-integration.spec.ts(639,38): error TS2339: Property 'feeChallan' does not exist on type 'PrismaService'.
src/fee-management/__tests__/void-challan-integration.spec.ts(640,38): error TS2339: Property 'feeChallan' does not exist on type 'PrismaService'.
src/fee-management/__tests__/void-challan-integration.spec.ts(659,23): error TS2551: Property 'updateFeeChallan' does not exist on type 'FeeManagementService'. Did you mean 'deleteFeeChallan'?
src/fee-management/__tests__/void-challan-integration.spec.ts(663,42): error TS2339: Property 'feeChallan' does not exist on type 'PrismaService'.
src/fee-management/__tests__/void-challan-integration.spec.ts(664,42): error TS2339: Property 'feeChallan' does not exist on type 'PrismaService'.
src/fee-management/__tests__/void-challan-integration.spec.ts(665,42): error TS2339: Property 'feeChallan' does not exist on type 'PrismaService'.
src/fee-management/__tests__/void-challan-integration.spec.ts(704,41): error TS2339: Property 'feeChallan' does not exist on type 'PrismaService'.
src/fee-management/__tests__/void-challan-integration.spec.ts(723,38): error TS2551: Property 'studentFeeInstallment' does not exist on type 'PrismaService'. Did you mean 'feeInstallment'?
src/fee-management/__tests__/void-challan-integration.spec.ts(730,22): error TS2339: Property 'feeChallan' does not exist on type 'PrismaService'.
src/fee-management/__tests__/void-challan-integration.spec.ts(733,41): error TS2339: Property 'feeChallan' does not exist on type 'PrismaService'.
src/fee-management/__tests__/void-challan-integration.spec.ts(753,38): error TS2551: Property 'studentFeeInstallment' does not exist on type 'PrismaService'. Did you mean 'feeInstallment'?
src/fee-management/__tests__/void-challan-integration.spec.ts(760,22): error TS2339: Property 'feeChallan' does not exist on type 'PrismaService'.
src/fee-management/__tests__/void-challan-integration.spec.ts(763,22): error TS2339: Property 'feeChallan' does not exist on type 'PrismaService'.
src/fee-management/__tests__/void-challan-integration.spec.ts(769,22): error TS2339: Property 'feeChallan' does not exist on type 'PrismaService'.
src/fee-management/__tests__/void-challan-integration.spec.ts(775,40): error TS2339: Property 'feeChallan' does not exist on type 'PrismaService'.
src/fee-management/__tests__/void-challan-integration.spec.ts(780,23): error TS2551: Property 'updateFeeChallan' does not exist on type 'FeeManagementService'. Did you mean 'deleteFeeChallan'?
src/fee-management/__tests__/void-challan-integration.spec.ts(786,42): error TS2339: Property 'feeChallan' does not exist on type 'PrismaService'.
src/fee-management/__tests__/void-challan-integration.spec.ts(826,42): error TS2339: Property 'feeChallan' does not exist on type 'PrismaService'.
src/fee-management/__tests__/void-challan-integration.spec.ts(845,39): error TS2551: Property 'studentFeeInstallment' does not exist on type 'PrismaService'. Did you mean 'feeInstallment'?
src/fee-management/__tests__/void-challan-integration.spec.ts(852,22): error TS2339: Property 'feeChallan' does not exist on type 'PrismaService'.
src/fee-management/__tests__/void-challan-integration.spec.ts(854,22): error TS2551: Property 'studentFeeInstallment' does not exist on type 'PrismaService'. Did you mean 'feeInstallment'?
src/fee-management/__tests__/void-challan-integration.spec.ts(863,41): error TS2339: Property 'generateChallansFromPlan' does not exist on type 'FeeManagementService'.
src/fee-management/__tests__/void-challan-integration.spec.ts(870,41): error TS2339: Property 'feeChallan' does not exist on type 'PrismaService'.
src/fee-management/__tests__/void-challan-integration.spec.ts(876,39): error TS2339: Property 'feeChallan' does not exist on type 'PrismaService'.
src/fee-management/__tests__/void-challan-integration.spec.ts(893,42): error TS2339: Property 'feeChallan' does not exist on type 'PrismaService'.
src/fee-management/__tests__/void-challan-preservation.spec.ts(116,28): error TS2551: Property 'studentFeeInstallment' does not exist on type 'PrismaService'. Did you mean 'feeInstallment'?
src/fee-management/__tests__/void-challan-preservation.spec.ts(133,44): error TS2339: Property 'generateChallansFromPlan' does not exist on type 'FeeManagementService'.
src/fee-management/__tests__/void-challan-preservation.spec.ts(148,51): error TS2339: Property 'feeChallan' does not exist on type 'PrismaService'.
src/fee-management/__tests__/void-challan-preservation.spec.ts(161,28): error TS2339: Property 'feeChallan' does not exist on type 'PrismaService'.
src/fee-management/__tests__/void-challan-preservation.spec.ts(164,28): error TS2551: Property 'studentFeeInstallment' does not exist on type 'PrismaService'. Did you mean 'feeInstallment'?
src/fee-management/__tests__/void-challan-preservation.spec.ts(216,44): error TS2339: Property 'feeChallan' does not exist on type 'PrismaService'.
src/fee-management/__tests__/void-challan-preservation.spec.ts(237,29): error TS2551: Property 'updateFeeChallan' does not exist on type 'FeeManagementService'. Did you mean 'deleteFeeChallan'?
src/fee-management/__tests__/void-challan-preservation.spec.ts(243,51): error TS2339: Property 'feeChallan' does not exist on type 'PrismaService'.
src/fee-management/__tests__/void-challan-preservation.spec.ts(256,28): error TS2339: Property 'feeChallan' does not exist on type 'PrismaService'.
src/fee-management/__tests__/void-challan-preservation.spec.ts(259,28): error TS2551: Property 'studentFeeInstallment' does not exist on type 'PrismaService'. Did you mean 'feeInstallment'?
src/fee-management/__tests__/void-challan-preservation.spec.ts(308,49): error TS2339: Property 'feeChallan' does not exist on type 'PrismaService'.
src/fee-management/__tests__/void-challan-preservation.spec.ts(329,50): error TS2339: Property 'feeChallan' does not exist on type 'PrismaService'.
src/fee-management/__tests__/void-challan-preservation.spec.ts(350,28): error TS2339: Property 'feeChallan' does not exist on type 'PrismaService'.
src/fee-management/__tests__/void-challan-preservation.spec.ts(371,28): error TS2339: Property 'feeChallan' does not exist on type 'PrismaService'.
src/fee-management/__tests__/void-challan-preservation.spec.ts(374,28): error TS2551: Property 'studentFeeInstallment' does not exist on type 'PrismaService'. Did you mean 'feeInstallment'?
src/fee-management/__tests__/void-challan-preservation.spec.ts(427,44): error TS2339: Property 'feeChallan' does not exist on type 'PrismaService'.
src/fee-management/__tests__/void-challan-preservation.spec.ts(447,29): error TS2551: Property 'updateFeeChallan' does not exist on type 'FeeManagementService'. Did you mean 'deleteFeeChallan'?
src/fee-management/__tests__/void-challan-preservation.spec.ts(453,48): error TS2339: Property 'feeChallan' does not exist on type 'PrismaService'.
src/fee-management/__tests__/void-challan-preservation.spec.ts(469,53): error TS2339: Property 'feeChallan' does not exist on type 'PrismaService'.
src/fee-management/__tests__/void-challan-preservation.spec.ts(476,28): error TS2339: Property 'feeChallan' does not exist on type 'PrismaService'.
src/fee-management/__tests__/void-challan-preservation.spec.ts(479,28): error TS2551: Property 'studentFeeInstallment' does not exist on type 'PrismaService'. Did you mean 'feeInstallment'?
src/fee-management/__tests__/void-challan-preservation.spec.ts(531,44): error TS2339: Property 'feeChallan' does not exist on type 'PrismaService'.
src/fee-management/__tests__/void-challan-preservation.spec.ts(551,51): error TS2339: Property 'feeChallan' does not exist on type 'PrismaService'.
src/fee-management/__tests__/void-challan-preservation.spec.ts(567,28): error TS2339: Property 'feeChallan' does not exist on type 'PrismaService'.
src/fee-management/__tests__/void-challan-preservation.spec.ts(570,28): error TS2551: Property 'studentFeeInstallment' does not exist on type 'PrismaService'. Did you mean 'feeInstallment'?
src/fee-management/__tests__/void-challan-preservation.spec.ts(617,28): error TS2551: Property 'studentFeeInstallment' does not exist on type 'PrismaService'. Did you mean 'feeInstallment'?
src/fee-management/__tests__/void-challan-preservation.spec.ts(634,44): error TS2339: Property 'generateChallansFromPlan' does not exist on type 'FeeManagementService'.
src/fee-management/__tests__/void-challan-preservation.spec.ts(649,48): error TS2339: Property 'feeChallan' does not exist on type 'PrismaService'.
src/fee-management/__tests__/void-challan-preservation.spec.ts(663,28): error TS2339: Property 'feeChallan' does not exist on type 'PrismaService'.
src/fee-management/__tests__/void-challan-preservation.spec.ts(666,28): error TS2551: Property 'studentFeeInstallment' does not exist on type 'PrismaService'. Did you mean 'feeInstallment'?
